Converting: week-03-video-joe-demonstrates-lower-back-pain-treatment-rm
  -> Research/acupuncture/sources/harvard-ap101/videos/week-03/week-03-video-joe-demonstrates-lower-back-pain-treatment-rm.mp4 (147,178,008 bytes)
Converting: week-03-video-scar-on-lung-1-and-lung-2acupuncture-and-laser-treatment-rm
  -> Research/acupuncture/sources/harvard-ap101/videos/week-03/week-03-video-scar-on-lung-1-and-lung-2acupuncture-and-laser-treatment-rm.mp4 (20,538,420 bytes)
Converting: week-03-video-shoulder-and-arm-pain-part-one-tx-rm
  -> Research/acupuncture/sources/harvard-ap101/videos/week-03/week-03-video-shoulder-and-arm-pain-part-one-tx-rm.mp4 (78,732,484 bytes)
Converting: week-07-video-treatment-application-of-points-on-the-stomach-meridian-rm
  -> Research/acupuncture/sources/harvard-ap101/videos/week-07/week-07-video-treatment-application-of-points-on-the-stomach-meridian-rm.mp4 (22,097,769 bytes)
Converting: week-07-palpation-gronemeyer-exercise-rm
  -> Research/acupuncture/sources/harvard-ap101/videos/week-07/week-07-palpation-gronemeyer-exercise-rm.mp4 (64,413,673 bytes)
Converting: week-09-videodemo-video-demonstration-for-the-adrenal-treatments-rm
  -> Research/acupuncture/sources/harvard-ap101/videos/week-09/week-09-videodemo-video-demonstration-for-the-adrenal-treatments-rm.mp4 (20,743,824 bytes)
Converting: week-13-video-acu-vid-2-vascular-compression-of-inner-thigh-rm
  -> Research/acupuncture/sources/harvard-ap101/videos/week-13/week-13-video-acu-vid-2-vascular-compression-of-inner-thigh-rm.mp4 (15,260,876 bytes)
Converting: week-13-video-acu-vid-3-neuro-vascular-compression-of-the-neck-rm
  -> Research/acupuncture/sources/harvard-ap101/videos/week-13/week-13-video-acu-vid-3-neuro-vascular-compression-of-the-neck-rm.mp4 (26,600,190 bytes)
Converting: week-13-video-acu-vid-4-diagnosis-and-treatment-of-the-dai-mai-rm
  -> Research/acupuncture/sources/harvard-ap101/videos/week-13/week-13-video-acu-vid-4-diagnosis-and-treatment-of-the-dai-mai-rm.mp4 (16,571,558 bytes)
Converting: week-22-acustrategies-clinical-strategies-neck-and-shoulder-rm
  -> Research/acupuncture/sources/harvard-ap101/videos/week-22/week-22-acustrategies-clinical-strategies-neck-and-shoulder-rm.mp4 (45,008,032 bytes)
Converting: week-23-acustrategies-treatment-strategies-gyn-rm
  -> Research/acupuncture/sources/harvard-ap101/videos/week-23/week-23-acustrategies-treatment-strategies-gyn-rm.mp4 (67,242,882 bytes)
Converting: week-23-acustrategies-gyn-treatment-strategies-rm
  -> Research/acupuncture/sources/harvard-ap101/videos/week-23/week-23-acustrategies-gyn-treatment-strategies-rm.mp4 (67,242,882 bytes)
Converting: week-24-acustrategies-treatment-strategies-nausea-rm
  -> Research/acupuncture/sources/harvard-ap101/videos/week-24/week-24-acustrategies-treatment-strategies-nausea-rm.mp4 (62,985,355 bytes)
Converting: week-26-clinicaldemo-demonstration-immune-treatments-detox-9854-rm
  -> Research/acupuncture/sources/harvard-ap101/videos/week-26/week-26-clinicaldemo-demonstration-immune-treatments-detox-9854-rm.mp4 (36,126,488 bytes)
Converting: misc-video-acu-demo-neck-shoulder-strategies6367-rm
  -> Research/acupuncture/sources/harvard-ap101/videos/misc/misc-video-acu-demo-neck-shoulder-strategies6367-rm.mp4 (45,008,032 bytes)
Converting: misc-video-david-euler-rm
  -> Research/acupuncture/sources/harvard-ap101/videos/misc/misc-video-david-euler-rm.mp4 (28,384,840 bytes)
Converting: misc-video-hms-1675-rm-rm
  -> Research/acupuncture/sources/harvard-ap101/videos/misc/misc-video-hms-1675-rm-rm.mp4 (45,628,423 bytes)
Converting: misc-video-hms-7771-rm-rm
  -> Research/acupuncture/sources/harvard-ap101/videos/misc/misc-video-hms-7771-rm-rm.mp4 (58,169,528 bytes)
Converting: misc-video-immune-demo-9854-rm
  -> Research/acupuncture/sources/harvard-ap101/videos/misc/misc-video-immune-demo-9854-rm.mp4 (36,126,488 bytes)
Converting: misc-video-integrated-treatment-demo-with-dominik-irnich-rm
  -> Research/acupuncture/sources/harvard-ap101/videos/misc/misc-video-integrated-treatment-demo-with-dominik-irnich-rm.mp4 (55,842,025 bytes)
Converting: misc-video-vascular-compression-of-the-inner-thigh-rm
  -> Research/acupuncture/sources/harvard-ap101/videos/misc/misc-video-vascular-compression-of-the-inner-thigh-rm.mp4 (15,260,876 bytes)
Converting: misc-video-wolfram-stoler-demo-rm
  -> Research/acupuncture/sources/harvard-ap101/videos/misc/misc-video-wolfram-stoler-demo-rm.mp4 (65,451,932 bytes)
Converting: misc-video-visceroptosis-demo-vid-1-rm
  -> Research/acupuncture/sources/harvard-ap101/videos/misc/misc-video-visceroptosis-demo-vid-1-rm.mp4 (15,996,236 bytes)
Converting: misc-clinicaldemo-clinical-demo-eye-brow-scar-with-scapula-neck-pain-rm
  -> Research/acupuncture/sources/harvard-ap101/videos/misc/misc-clinicaldemo-clinical-demo-eye-brow-scar-with-scapula-neck-pain-rm.mp4 (28,970,131 bytes)
Converting: misc-clinicaldemo-clinical-demo-shoulder-and-scar-rm
  -> Research/acupuncture/sources/harvard-ap101/videos/misc/misc-clinicaldemo-clinical-demo-shoulder-and-scar-rm.mp4 (48,227,889 bytes)
Converting: misc-clinicaldemo-demonstration-of-integrative-acupuncture-approach-with-dominik-irnich-rm
  -> Research/acupuncture/sources/harvard-ap101/videos/misc/misc-clinicaldemo-demonstration-of-integrative-acupuncture-approach-with-dominik-irnich-rm.mp4 (53,357,919 bytes)
Converting: misc-clinicaldemo-kiiko-rm
  -> Research/acupuncture/sources/harvard-ap101/videos/misc/misc-clinicaldemo-kiiko-rm.mp4 (33,784,267 bytes)
Converting: misc-clinicaldemo-kiiko-rm-2
  -> Research/acupuncture/sources/harvard-ap101/videos/misc/misc-clinicaldemo-kiiko-rm-2.mp4 (100,500,056 bytes)
Converting: misc-clinicaldemo-kiiko-rm-3
  -> Research/acupuncture/sources/harvard-ap101/videos/misc/misc-clinicaldemo-kiiko-rm-3.mp4 (38,452,488 bytes)
Converting: misc-clinicaldemo-kiiko-1-rm
  -> Research/acupuncture/sources/harvard-ap101/videos/misc/misc-clinicaldemo-kiiko-1-rm.mp4 (81,017,708 bytes)
Converting: misc-clinicaldemo-kiiko-2-rm
  -> Research/acupuncture/sources/harvard-ap101/videos/misc/misc-clinicaldemo-kiiko-2-rm.mp4 (54,896,158 bytes)
Converting: misc-clinicaldemo-kiiko-demo1-rm
  -> Research/acupuncture/sources/harvard-ap101/videos/misc/misc-clinicaldemo-kiiko-demo1-rm.mp4 (37,958,890 bytes)
Converting: misc-clinicaldemo-kiiko-demo2-rm
  -> Research/acupuncture/sources/harvard-ap101/videos/misc/misc-clinicaldemo-kiiko-demo2-rm.mp4 (85,070,814 bytes)
Converting: misc-clinicaldemo-visceroptosis-demonstration-rm
  -> Research/acupuncture/sources/harvard-ap101/videos/misc/misc-clinicaldemo-visceroptosis-demonstration-rm.mp4 (32,136,005 bytes)
Converting: misc-videodemo-acupuncture-1-video-1visceroptosis-rm
  -> Research/acupuncture/sources/harvard-ap101/videos/misc/misc-videodemo-acupuncture-1-video-1visceroptosis-rm.mp4 (32,136,005 bytes)
Converting: misc-videodemo-acupuncture-1-video-4-dai-mai-dx-tx-rm
  -> Research/acupuncture/sources/harvard-ap101/videos/misc/misc-videodemo-acupuncture-1-video-4-dai-mai-dx-tx-rm.mp4 (16,571,558 bytes)
Converting: misc-videodemo-video-demo-vascular-compression-of-the-neck-rm
  -> Research/acupuncture/sources/harvard-ap101/videos/misc/misc-videodemo-video-demo-vascular-compression-of-the-neck-rm.mp4 (26,600,190 bytes)
{
  "total_rm": 42,
  "converted": 37,
  "already_exists": 0,
  "failed": 0,
  "skipped_stub": 5
}
